Time[ps]      Etot[eV]     Epot[eV]     Ekin[eV]    T[K]
0.0000        -6045.689    -6045.689        0.000     0.0
0.0050        -6045.516    -6046.932        1.416    11.2
0.0100        -6045.373    -6048.270        2.898    23.0
0.0150        -6045.257    -6048.462        3.205    25.4
0.0200        -6045.062    -6048.268        3.207    25.4
0.0250        -6044.957    -6048.138        3.181    25.2
0.0300        -6044.881    -6048.088        3.207    25.4
0.0350        -6044.777    -6047.849        3.073    24.4
0.0400        -6044.672    -6047.448        2.775    22.0
0.0450        -6044.531    -6047.126        2.595    20.6
0.0500        -6044.395    -6047.008        2.613    20.7
0.0550        -6044.189    -6047.088        2.899    23.0
0.0600        -6044.075    -6047.231        3.155    25.0
0.0650        -6043.925    -6047.294        3.368    26.7
0.0700        -6043.758    -6047.288        3.530    28.0
0.0750        -6043.629    -6047.288        3.659    29.0
0.0800        -6043.486    -6047.297        3.811    30.2
0.0850        -6043.327    -6047.297        3.971    31.5
0.0900        -6043.247    -6047.242        3.994    31.7
0.0950        -6043.165    -6047.106        3.941    31.3
0.1000        -6043.038    -6046.892        3.854    30.6
0.1050        -6042.941    -6046.659        3.719    29.5
0.1100        -6042.751    -6046.510        3.759    29.8
0.1150        -6042.623    -6046.474        3.851    30.6
0.1200        -6042.545    -6046.507        3.962    31.4
0.1250        -6042.437    -6046.528        4.092    32.5
0.1300        -6042.332    -6046.464        4.132    32.8
0.1350        -6042.259    -6046.311        4.052    32.2
0.1400        -6042.081    -6046.109        4.027    32.0
0.1450        -6041.943    -6045.891        3.948    31.3
0.1500        -6041.874    -6045.667        3.794    30.1
0.1550        -6041.789    -6045.492        3.703    29.4
0.1600        -6041.657    -6045.403        3.746    29.7
0.1650        -6041.539    -6045.428        3.890    30.9
0.1700        -6041.417    -6045.535        4.118    32.7
0.1750        -6041.330    -6045.642        4.312    34.2
0.1800        -6041.199    -6045.699        4.500    35.7
0.1850        -6041.107    -6045.699        4.592    36.4
0.1900        -6040.980    -6045.639        4.659    37.0
0.1950        -6040.880    -6045.534        4.654    36.9
0.2000        -6040.767    -6045.436        4.669    37.0
0.2050        -6040.739    -6045.382        4.643    36.8
0.2100        -6040.647    -6045.345        4.699    37.3
0.2150        -6040.583    -6045.300        4.717    37.4
0.2200        -6040.464    -6045.250        4.786    38.0
0.2250        -6040.320    -6045.217        4.898    38.9
0.2300        -6040.183    -6045.219        5.036    40.0
0.2350        -6040.064    -6045.249        5.185    41.1
0.2400        -6039.945    -6045.309        5.364    42.6
0.2450        -6039.930    -6045.380        5.450    43.2
0.2500        -6039.853    -6045.428        5.575    44.2
0.2550        -6039.796    -6045.415        5.619    44.6
0.2600        -6039.784    -6045.329        5.544    44.0
0.2650        -6039.734    -6045.220        5.486    43.5
0.2700        -6039.668    -6045.117        5.449    43.2
0.2750        -6039.599    -6045.040        5.441    43.2
0.2800        -6039.507    -6045.008        5.501    43.6
0.2850        -6039.445    -6044.996        5.551    44.0
0.2900        -6039.374    -6044.994        5.620    44.6
0.2950        -6039.298    -6044.997        5.699    45.2
0.3000        -6039.233    -6044.984        5.752    45.6
0.3050        -6039.147    -6044.923        5.776    45.8
0.3100        -6039.061    -6044.818        5.757    45.7
0.3150        -6039.043    -6044.717        5.674    45.0
0.3200        -6038.947    -6044.645        5.698    45.2
0.3250        -6038.922    -6044.605        5.682    45.1
0.3300        -6038.887    -6044.592        5.705    45.3
0.3350        -6038.810    -6044.581        5.771    45.8
0.3400        -6038.764    -6044.555        5.791    46.0
0.3450        -6038.616    -6044.510        5.894    46.8
0.3500        -6038.510    -6044.439        5.929    47.0
0.3550        -6038.442    -6044.328        5.886    46.7
0.3600        -6038.353    -6044.186        5.833    46.3
0.3650        -6038.334    -6044.027        5.693    45.2
0.3700        -6038.242    -6043.894        5.652    44.8
0.3750        -6038.183    -6043.840        5.657    44.9
0.3800        -6038.165    -6043.870        5.706    45.3
0.3850        -6038.062    -6043.947        5.886    46.7
0.3900        -6038.032    -6044.026        5.993    47.6
0.3950        -6037.953    -6044.113        6.160    48.9
0.4000        -6037.933    -6044.178        6.245    49.6
0.4050        -6037.829    -6044.198        6.369    50.5
0.4100        -6037.794    -6044.179        6.385    50.7
0.4150        -6037.701    -6044.149        6.449    51.2
0.4200        -6037.654    -6044.128        6.475    51.4
0.4250        -6037.619    -6044.117        6.497    51.6
0.4300        -6037.589    -6044.098        6.509    51.6
0.4350        -6037.526    -6044.059        6.533    51.8
0.4400        -6037.436    -6044.003        6.568    52.1
0.4450        -6037.308    -6043.944        6.637    52.7
0.4500        -6037.262    -6043.912        6.650    52.8
0.4550        -6037.243    -6043.925        6.682    53.0
0.4600        -6037.200    -6043.955        6.755    53.6
0.4650        -6037.145    -6043.948        6.803    54.0
0.4700        -6037.171    -6043.861        6.691    53.1
0.4750        -6037.120    -6043.723        6.603    52.4
0.4800        -6037.047    -6043.586        6.538    51.9
0.4850        -6037.029    -6043.500        6.471    51.3
0.4900        -6036.860    -6043.518        6.658    52.8
0.4950        -6036.796    -6043.613        6.817    54.1
0.5000        -6036.767    -6043.706        6.939    55.1
0.5050        -6036.724    -6043.727        7.003    55.6
0.5100        -6036.645    -6043.635        6.990    55.5
0.5150        -6036.502    -6043.430        6.928    55.0
0.5200        -6036.427    -6043.157        6.730    53.4
0.5250        -6036.327    -6042.920        6.593    52.3
0.5300        -6036.218    -6042.796        6.578    52.2
0.5350        -6036.178    -6042.797        6.619    52.5
0.5400        -6036.130    -6042.914        6.784    53.8
0.5450        -6036.022    -6043.108        7.086    56.2
0.5500        -6035.905    -6043.279        7.374    58.5
0.5550        -6035.908    -6043.360        7.451    59.1
0.5600        -6035.845    -6043.339        7.494    59.5
0.5650        -6035.787    -6043.268        7.481    59.4
0.5700        -6035.751    -6043.221        7.470    59.3
0.5750        -6035.703    -6043.248        7.545    59.9
0.5800        -6035.706    -6043.321        7.615    60.4
0.5850        -6035.622    -6043.346        7.724    61.3
0.5900        -6035.598    -6043.277        7.679    60.9
0.5950        -6035.572    -6043.119        7.547    59.9
0.6000        -6035.509    -6042.940        7.431    59.0
0.6050        -6035.460    -6042.810        7.350    58.3
0.6100        -6035.402    -6042.795        7.393    58.7
0.6150        -6035.339    -6042.854        7.514    59.6
0.6200        -6035.273    -6042.917        7.644    60.7
0.6250        -6035.264    -6042.929        7.665    60.8
0.6300        -6035.206    -6042.873        7.667    60.8
0.6350        -6035.148    -6042.764        7.616    60.4
0.6400        -6035.118    -6042.641        7.523    59.7
0.6450        -6035.073    -6042.542        7.468    59.3
0.6500        -6034.975    -6042.521        7.545    59.9
0.6550        -6034.994    -6042.573        7.579    60.1
0.6600        -6034.867    -6042.632        7.764    61.6
0.6650        -6034.856    -6042.629        7.773    61.7
0.6700        -6034.821    -6042.583        7.762    61.6
0.6750        -6034.739    -6042.523        7.784    61.8
0.6800        -6034.710    -6042.461        7.751    61.5
0.6850        -6034.677    -6042.399        7.723    61.3
0.6900        -6034.647    -6042.312        7.664    60.8
0.6950        -6034.635    -6042.207        7.572    60.1
0.7000        -6034.549    -6042.137        7.588    60.2
0.7050        -6034.478    -6042.129        7.651    60.7
0.7100        -6034.407    -6042.195        7.787    61.8
0.7150        -6034.282    -6042.292        8.010    63.6
0.7200        -6034.235    -6042.373        8.139    64.6
0.7250        -6034.196    -6042.387        8.191    65.0
0.7300        -6034.158    -6042.330        8.172    64.8
0.7350        -6034.128    -6042.281        8.153    64.7
0.7400        -6034.036    -6042.289        8.253    65.5
0.7450        -6033.951    -6042.335        8.384    66.5
0.7500        -6033.944    -6042.368        8.424    66.8
0.7550        -6033.870    -6042.361        8.491    67.4
0.7600        -6033.819    -6042.315        8.495    67.4
0.7650        -6033.804    -6042.251        8.446    67.0
0.7700        -6033.762    -6042.212        8.450    67.0
0.7750        -6033.746    -6042.205        8.459    67.1
0.7800        -6033.613    -6042.197        8.584    68.1
0.7850        -6033.561    -6042.137        8.576    68.0
0.7900        -6033.501    -6042.042        8.541    67.8
0.7950        -6033.512    -6041.963        8.451    67.1
0.8000        -6033.530    -6041.948        8.418    66.8
0.8050        -6033.495    -6042.003        8.508    67.5
0.8100        -6033.494    -6042.093        8.598    68.2
0.8150        -6033.513    -6042.140        8.627    68.5
0.8200        -6033.521    -6042.119        8.598    68.2
0.8250        -6033.504    -6042.021        8.517    67.6
0.8300        -6033.547    -6041.859        8.313    66.0
0.8350        -6033.561    -6041.677        8.116    64.4
0.8400        -6033.541    -6041.519        7.978    63.3
0.8450        -6033.581    -6041.463        7.882    62.5
0.8500        -6033.597    -6041.490        7.893    62.6
0.8550        -6033.523    -6041.565        8.041    63.8
0.8600        -6033.469    -6041.663        8.194    65.0
0.8650        -6033.438    -6041.748        8.310    65.9
0.8700        -6033.311    -6041.840        8.528    67.7
0.8750        -6033.303    -6041.918        8.615    68.4
0.8800        -6033.240    -6041.977        8.737    69.3
0.8850        -6033.237    -6042.005        8.768    69.6
0.8900        -6033.262    -6041.997        8.735    69.3
0.8950        -6033.262    -6041.955        8.693    69.0
0.9000        -6033.272    -6041.877        8.605    68.3
0.9050        -6033.227    -6041.779        8.552    67.9
0.9100        -6033.236    -6041.704        8.468    67.2
0.9150        -6033.228    -6041.682        8.454    67.1
0.9200        -6033.147    -6041.756        8.609    68.3
0.9250        -6033.181    -6041.880        8.699    69.0
0.9300        -6033.088    -6041.980        8.892    70.6
0.9350        -6033.035    -6041.974        8.938    70.9
0.9400        -6033.050    -6041.852        8.802    69.8
0.9450        -6033.008    -6041.685        8.678    68.9
0.9500        -6033.099    -6041.584        8.485    67.3
0.9550        -6033.131    -6041.606        8.475    67.2
0.9600        -6033.099    -6041.772        8.673    68.8
0.9650        -6033.091    -6041.999        8.908    70.7
0.9700        -6033.097    -6042.159        9.062    71.9
0.9750        -6033.173    -6042.181        9.008    71.5
0.9800        -6033.204    -6042.076        8.872    70.4
0.9850        -6033.197    -6041.960        8.763    69.5
0.9900        -6033.074    -6041.911        8.838    70.1
0.9950        -6033.034    -6041.909        8.875    70.4
1.0000        -6032.968    -6041.873        8.904    70.7
1.0050        -6032.911    -6041.747        8.836    70.1
1.0100        -6032.906    -6041.573        8.667    68.8
1.0150        -6032.798    -6041.425        8.627    68.5
1.0200        -6032.686    -6041.356        8.670    68.8
1.0250        -6032.619    -6041.384        8.765    69.6
1.0300        -6032.627    -6041.455        8.828    70.0
1.0350        -6032.580    -6041.494        8.914    70.7
1.0400        -6032.538    -6041.477        8.939    70.9
1.0450        -6032.545    -6041.433        8.888    70.5
1.0500        -6032.489    -6041.381        8.892    70.6
1.0550        -6032.396    -6041.314        8.918    70.8
1.0600        -6032.282    -6041.250        8.969    71.2
1.0650        -6032.227    -6041.181        8.954    71.1
1.0700        -6032.212    -6041.112        8.900    70.6
1.0750        -6032.188    -6041.056        8.868    70.4
1.0800        -6032.202    -6041.020        8.818    70.0
1.0850        -6032.194    -6040.981        8.787    69.7
1.0900        -6032.231    -6040.934        8.703    69.1
1.0950        -6032.241    -6040.910        8.669    68.8
1.1000        -6032.201    -6040.940        8.739    69.3
1.1050        -6032.192    -6041.022        8.830    70.1
1.1100        -6032.121    -6041.104        8.984    71.3
1.1150        -6032.126    -6041.167        9.041    71.7
1.1200        -6032.048    -6041.205        9.157    72.7
1.1250        -6032.035    -6041.261        9.225    73.2
1.1300        -6031.938    -6041.369        9.431    74.8
1.1350        -6031.977    -6041.515        9.537    75.7
1.1400        -6032.000    -6041.639        9.639    76.5
1.1450        -6031.936    -6041.678        9.742    77.3
1.1500        -6031.945    -6041.591        9.645    76.5
1.1550        -6031.859    -6041.418        9.559    75.8
1.1600        -6031.838    -6041.217        9.379    74.4
1.1650        -6031.823    -6041.003        9.180    72.8
1.1700        -6031.845    -6040.812        8.967    71.2
1.1750        -6031.814    -6040.679        8.865    70.3
1.1800        -6031.763    -6040.637        8.874    70.4
1.1850        -6031.729    -6040.692        8.963    71.1
1.1900        -6031.611    -6040.834        9.223    73.2
1.1950        -6031.585    -6041.018        9.433    74.8
1.2000        -6031.559    -6041.207        9.648    76.6
1.2050        -6031.571    -6041.333        9.762    77.5
1.2100        -6031.608    -6041.368        9.761    77.4
1.2150        -6031.572    -6041.321        9.749    77.4
1.2200        -6031.528    -6041.211        9.683    76.8
1.2250        -6031.540    -6041.086        9.546    75.7
1.2300        -6031.583    -6040.982        9.399    74.6
1.2350        -6031.567    -6040.894        9.328    74.0
1.2400        -6031.640    -6040.863        9.224    73.2
1.2450        -6031.650    -6040.930        9.280    73.6
1.2500        -6031.607    -6041.059        9.452    75.0
1.2550        -6031.558    -6041.171        9.614    76.3
1.2600        -6031.560    -6041.198        9.638    76.5
1.2650        -6031.483    -6041.123        9.639    76.5
1.2700        -6031.557    -6040.960        9.403    74.6
1.2750        -6031.593    -6040.785        9.193    72.9
1.2800        -6031.564    -6040.705        9.141    72.5
1.2850        -6031.502    -6040.747        9.245    73.4
1.2900        -6031.525    -6040.877        9.351    74.2
1.2950        -6031.436    -6041.008        9.572    76.0
1.3000        -6031.421    -6041.085        9.663    76.7
1.3050        -6031.469    -6041.054        9.586    76.1
1.3100        -6031.400    -6040.943        9.543    75.7
1.3150        -6031.387    -6040.803        9.416    74.7
1.3200        -6031.333    -6040.685        9.352    74.2
1.3250        -6031.394    -6040.617        9.223    73.2
1.3300        -6031.366    -6040.620        9.254    73.4
1.3350        -6031.312    -6040.652        9.341    74.1
1.3400        -6031.259    -6040.677        9.418    74.7
1.3450        -6031.316    -6040.685        9.369    74.3
1.3500        -6031.221    -6040.713        9.492    75.3
1.3550        -6031.279    -6040.764        9.485    75.3
1.3600        -6031.272    -6040.825        9.553    75.8
1.3650        -6031.254    -6040.865        9.611    76.3
1.3700        -6031.268    -6040.872        9.603    76.2
1.3750        -6031.247    -6040.839        9.592    76.1
1.3800        -6031.150    -6040.775        9.625    76.4
1.3850        -6031.154    -6040.697        9.543    75.7
1.3900        -6031.207    -6040.673        9.466    75.1
1.3950        -6031.323    -6040.760        9.438    74.9
1.4000        -6031.314    -6040.924        9.610    76.3
1.4050        -6031.409    -6041.086        9.676    76.8
1.4100        -6031.510    -6041.152        9.643    76.5
1.4150        -6031.543    -6041.111        9.568    75.9
1.4200        -6031.544    -6040.998        9.454    75.0
1.4250        -6031.577    -6040.887        9.310    73.9
1.4300        -6031.481    -6040.850        9.368    74.3
1.4350        -6031.446    -6040.899        9.454    75.0
1.4400        -6031.545    -6040.989        9.444    74.9
1.4450        -6031.514    -6041.078        9.565    75.9
1.4500        -6031.450    -6041.129        9.678    76.8
1.4550        -6031.467    -6041.121        9.654    76.6
1.4600        -6031.451    -6041.073        9.622    76.3
1.4650        -6031.497    -6041.005        9.508    75.4
1.4700        -6031.507    -6040.959        9.452    75.0
1.4750        -6031.528    -6040.932        9.404    74.6
1.4800        -6031.534    -6040.914        9.380    74.4
1.4850        -6031.438    -6040.873        9.435    74.9
1.4900        -6031.404    -6040.805        9.401    74.6
1.4950        -6031.506    -6040.748        9.242    73.3
1.5000        -6031.512    -6040.750        9.238    73.3
1.5050        -6031.496    -6040.820        9.323    74.0
1.5100        -6031.519    -6040.883        9.364    74.3
1.5150        -6031.528    -6040.872        9.344    74.1
1.5200        -6031.538    -6040.783        9.246    73.4
1.5250        -6031.457    -6040.687        9.230    73.2
1.5300        -6031.481    -6040.633        9.152    72.6
1.5350        -6031.518    -6040.633        9.114    72.3
1.5400        -6031.551    -6040.693        9.141    72.5
1.5450        -6031.609    -6040.791        9.181    72.8
1.5500        -6031.511    -6040.856        9.346    74.2
1.5550        -6031.547    -6040.874        9.327    74.0
1.5600        -6031.531    -6040.860        9.329    74.0
1.5650        -6031.463    -6040.841        9.378    74.4
1.5700        -6031.544    -6040.848        9.304    73.8
1.5750        -6031.587    -6040.937        9.349    74.2
1.5800        -6031.573    -6041.087        9.514    75.5
1.5850        -6031.589    -6041.241        9.652    76.6
1.5900        -6031.596    -6041.338        9.742    77.3
1.5950        -6031.630    -6041.368        9.738    77.3
1.6000        -6031.603    -6041.388        9.785    77.6
1.6050        -6031.639    -6041.429        9.790    77.7
1.6100        -6031.609    -6041.471        9.861    78.2
1.6150        -6031.638    -6041.456        9.818    77.9
1.6200        -6031.689    -6041.351        9.662    76.7
1.6250        -6031.708    -6041.149        9.441    74.9
1.6300        -6031.751    -6040.931        9.179    72.8
1.6350        -6031.728    -6040.775        9.047    71.8
1.6400        -6031.653    -6040.734        9.081    72.1
1.6450        -6031.682    -6040.795        9.113    72.3
1.6500        -6031.593    -6040.906        9.312    73.9
1.6550        -6031.502    -6040.982        9.480    75.2
1.6600        -6031.429    -6040.995        9.566    75.9
1.6650        -6031.374    -6040.971        9.597    76.1
1.6700        -6031.355    -6040.935        9.580    76.0
1.6750        -6031.296    -6040.877        9.581    76.0
1.6800        -6031.361    -6040.809        9.448    75.0
1.6850        -6031.374    -6040.778        9.404    74.6
1.6900        -6031.383    -6040.768        9.385    74.5
1.6950        -6031.409    -6040.783        9.374    74.4
1.7000        -6031.393    -6040.780        9.387    74.5
1.7050        -6031.377    -6040.756        9.379    74.4
1.7100        -6031.474    -6040.735        9.261    73.5
1.7150        -6031.345    -6040.732        9.387    74.5
1.7200        -6031.344    -6040.719        9.375    74.4
1.7250        -6031.375    -6040.711        9.336    74.1
1.7300        -6031.377    -6040.734        9.356    74.2
1.7350        -6031.362    -6040.791        9.429    74.8
1.7400        -6031.363    -6040.863        9.500    75.4
1.7450        -6031.358    -6040.920        9.562    75.9
1.7500        -6031.336    -6040.981        9.645    76.5
1.7550        -6031.365    -6041.065        9.700    77.0
1.7600        -6031.459    -6041.116        9.657    76.6
1.7650        -6031.489    -6041.144        9.655    76.6
1.7700        -6031.515    -6041.142        9.627    76.4
1.7750        -6031.588    -6041.137        9.549    75.8
1.7800        -6031.548    -6041.140        9.591    76.1
1.7850        -6031.534    -6041.153        9.620    76.3
1.7900        -6031.566    -6041.123        9.557    75.8
1.7950        -6031.470    -6041.042        9.572    76.0
1.8000        -6031.447    -6040.918        9.471    75.1
1.8050        -6031.383    -6040.778        9.395    74.5
1.8100        -6031.330    -6040.686        9.356    74.2
1.8150        -6031.346    -6040.709        9.363    74.3
1.8200        -6031.424    -6040.808        9.385    74.5
1.8250        -6031.463    -6040.904        9.440    74.9
1.8300        -6031.486    -6040.943        9.457    75.0
1.8350        -6031.503    -6040.944        9.441    74.9
1.8400        -6031.460    -6040.968        9.508    75.4
1.8450        -6031.460    -6041.012        9.552    75.8
1.8500        -6031.403    -6041.023        9.620    76.3
1.8550        -6031.357    -6040.962        9.605    76.2
1.8600        -6031.354    -6040.843        9.489    75.3
1.8650        -6031.261    -6040.725        9.464    75.1
1.8700        -6031.292    -6040.649        9.357    74.2
1.8750        -6031.225    -6040.645        9.420    74.7
1.8800        -6031.244    -6040.677        9.434    74.9
1.8850        -6031.304    -6040.703        9.398    74.6
1.8900        -6031.353    -6040.744        9.391    74.5
1.8950        -6031.308    -6040.785        9.477    75.2
1.9000        -6031.274    -6040.799        9.525    75.6
1.9050        -6031.238    -6040.783        9.544    75.7
1.9100        -6031.229    -6040.758        9.529    75.6
1.9150        -6031.294    -6040.769        9.475    75.2
1.9200        -6031.258    -6040.833        9.575    76.0
1.9250        -6031.208    -6040.916        9.708    77.0
1.9300        -6031.186    -6040.989        9.803    77.8
1.9350        -6031.183    -6041.049        9.866    78.3
1.9400        -6031.122    -6041.086        9.965    79.1
1.9450        -6031.103    -6041.087        9.984    79.2
1.9500        -6031.133    -6041.020        9.887    78.5
1.9550        -6031.142    -6040.875        9.733    77.2
1.9600        -6031.181    -6040.662        9.481    75.2
1.9650        -6031.244    -6040.476        9.232    73.3
1.9700        -6031.209    -6040.381        9.172    72.8
1.9750        -6031.190    -6040.423        9.233    73.3
1.9800        -6031.173    -6040.562        9.389    74.5
1.9850        -6031.189    -6040.751        9.563    75.9
1.9900        -6031.128    -6040.908        9.781    77.6
1.9950        -6031.090    -6040.990        9.900    78.6
2.0000        -6031.021    -6040.974        9.953    79.0
2.0050        -6031.019    -6040.887        9.867    78.3
2.0100        -6030.921    -6040.781        9.860    78.2
2.0150        -6030.965    -6040.697        9.732    77.2
2.0200        -6030.904    -6040.672        9.768    77.5
2.0250        -6030.847    -6040.656        9.809    77.8
2.0300        -6030.898    -6040.631        9.733    77.2
2.0350        -6030.890    -6040.586        9.696    76.9
2.0400        -6030.868    -6040.489        9.621    76.3
2.0450        -6030.808    -6040.376        9.568    75.9
2.0500        -6030.652    -6040.280        9.628    76.4
2.0550        -6030.599    -6040.218        9.619    76.3
2.0600        -6030.612    -6040.226        9.614    76.3
2.0650        -6030.684    -6040.293        9.609    76.2
2.0700        -6030.662    -6040.357        9.694    76.9
2.0750        -6030.708    -6040.369        9.660    76.6
2.0800        -6030.647    -6040.342        9.695    76.9
2.0850        -6030.629    -6040.301        9.672    76.7
2.0900        -6030.682    -6040.309        9.628    76.4
2.0950        -6030.721    -6040.398        9.677    76.8
2.1000        -6030.745    -6040.533        9.788    77.7
2.1050        -6030.812    -6040.694        9.882    78.4
2.1100        -6030.823    -6040.808        9.985    79.2
2.1150        -6030.861    -6040.829        9.968    79.1
2.1200        -6030.857    -6040.754        9.897    78.5
2.1250        -6030.858    -6040.622        9.765    77.5
2.1300        -6030.816    -6040.499        9.683    76.8
2.1350        -6030.851    -6040.461        9.610    76.3
2.1400        -6030.846    -6040.508        9.662    76.7
2.1450        -6030.941    -6040.584        9.644    76.5
2.1500        -6030.933    -6040.656        9.722    77.1
2.1550        -6030.968    -6040.697        9.729    77.2
2.1600        -6031.046    -6040.725        9.679    76.8
2.1650        -6031.048    -6040.762        9.714    77.1
2.1700        -6031.051    -6040.823        9.771    77.5
2.1750        -6031.084    -6040.887        9.803    77.8
2.1800        -6031.126    -6040.891        9.764    77.5
2.1850        -6031.210    -6040.820        9.610    76.3
2.1900        -6031.210    -6040.729        9.519    75.5
2.1950        -6031.157    -6040.690        9.533    75.6
2.2000        -6031.132    -6040.713        9.581    76.0
2.2050        -6031.064    -6040.766        9.702    77.0
2.2100        -6031.043    -6040.800        9.757    77.4
2.2150        -6030.839    -6040.752        9.913    78.7
2.2200        -6030.851    -6040.612        9.761    77.5
2.2250        -6030.866    -6040.445        9.578    76.0
2.2300        -6030.978    -6040.367        9.390    74.5
2.2350        -6030.962    -6040.425        9.463    75.1
2.2400        -6030.957    -6040.592        9.635    76.5
2.2450        -6030.971    -6040.818        9.847    78.1
2.2500        -6030.888    -6040.996       10.108    80.2
2.2550        -6030.948    -6041.022       10.075    79.9
2.2600        -6031.025    -6040.928        9.903    78.6
2.2650        -6031.062    -6040.794        9.732    77.2
2.2700        -6030.998    -6040.693        9.696    76.9
2.2750        -6031.000    -6040.666        9.666    76.7
2.2800        -6031.028    -6040.719        9.691    76.9
2.2850        -6031.013    -6040.797        9.784    77.6
2.2900        -6031.028    -6040.823        9.794    77.7
2.2950        -6031.137    -6040.802        9.665    76.7
2.3000        -6031.035    -6040.772        9.737    77.3
2.3050        -6031.083    -6040.761        9.678    76.8
2.3100        -6030.992    -6040.763        9.771    77.5
2.3150        -6031.007    -6040.751        9.743    77.3
2.3200        -6031.027    -6040.700        9.673    76.7
2.3250        -6031.011    -6040.625        9.614    76.3
2.3300        -6031.007    -6040.571        9.564    75.9
2.3350        -6031.103    -6040.545        9.442    74.9
2.3400        -6031.047    -6040.554        9.507    75.4
2.3450        -6031.053    -6040.579        9.526    75.6
2.3500        -6031.037    -6040.617        9.580    76.0
2.3550        -6030.982    -6040.627        9.645    76.5
2.3600        -6030.911    -6040.588        9.677    76.8
2.3650        -6030.885    -6040.524        9.639    76.5
2.3700        -6030.863    -6040.469        9.607    76.2
2.3750        -6030.844    -6040.465        9.621    76.3
2.3800        -6030.922    -6040.520        9.598    76.2
2.3850        -6030.895    -6040.625        9.730    77.2
2.3900        -6030.910    -6040.754        9.844    78.1
2.3950        -6030.999    -6040.862        9.863    78.3
2.4000        -6030.937    -6040.918        9.980    79.2
2.4050        -6031.029    -6040.927        9.898    78.5
2.4100        -6031.049    -6040.918        9.869    78.3
2.4150        -6031.049    -6040.921        9.872    78.3
2.4200        -6031.032    -6040.898        9.866    78.3
2.4250        -6031.067    -6040.817        9.750    77.4
2.4300        -6031.060    -6040.751        9.692    76.9
2.4350        -6031.081    -6040.754        9.673    76.8
2.4400        -6031.118    -6040.848        9.729    77.2
2.4450        -6031.167    -6040.966        9.800    77.8
2.4500        -6031.166    -6041.021        9.855    78.2
2.4550        -6031.103    -6040.946        9.843    78.1
2.4600        -6031.058    -6040.726        9.669    76.7
2.4650        -6031.042    -6040.445        9.403    74.6
2.4700        -6030.990    -6040.236        9.246    73.4
2.4750        -6031.024    -6040.213        9.189    72.9
2.4800        -6031.005    -6040.361        9.357    74.2
2.4850        -6030.981    -6040.569        9.588    76.1
2.4900        -6030.987    -6040.713        9.726    77.2
2.4950        -6030.966    -6040.739        9.773    77.5
2.5000        -6031.017    -6040.704        9.687    76.9
2.5050        -6031.013    -6040.670        9.657    76.6
2.5100        -6030.955    -6040.664        9.708    77.0
2.5150        -6030.950    -6040.691        9.741    77.3
2.5200        -6030.983    -6040.730        9.747    77.3
2.5250        -6030.986    -6040.742        9.757    77.4
2.5300        -6031.044    -6040.712        9.668    76.7
2.5350        -6031.090    -6040.661        9.571    75.9
2.5400        -6031.084    -6040.621        9.537    75.7
2.5450        -6030.980    -6040.609        9.629    76.4
2.5500        -6030.996    -6040.630        9.634    76.4
2.5550        -6031.045    -6040.660        9.615    76.3
2.5600        -6031.039    -6040.697        9.658    76.6
2.5650        -6031.043    -6040.720        9.677    76.8
2.5700        -6031.089    -6040.745        9.656    76.6
2.5750        -6031.100    -6040.745        9.645    76.5
2.5800        -6031.115    -6040.739        9.624    76.4
2.5850        -6031.094    -6040.753        9.658    76.6
2.5900        -6031.096    -6040.787        9.692    76.9
2.5950        -6031.148    -6040.841        9.694    76.9
2.6000        -6031.214    -6040.937        9.723    77.1
2.6050        -6031.233    -6041.037        9.804    77.8
2.6100        -6031.161    -6041.093        9.932    78.8
2.6150        -6031.188    -6041.034        9.846    78.1
2.6200        -6031.248    -6040.845        9.597    76.1
2.6250        -6031.271    -6040.595        9.324    74.0
2.6300        -6031.275    -6040.397        9.121    72.4
2.6350        -6031.337    -6040.311        8.973    71.2
2.6400        -6031.247    -6040.380        9.133    72.5
2.6450        -6031.198    -6040.526        9.327    74.0
2.6500        -6031.122    -6040.667        9.545    75.7
2.6550        -6031.149    -6040.741        9.592    76.1
2.6600        -6031.121    -6040.760        9.640    76.5
2.6650        -6031.086    -6040.760        9.674    76.8
2.6700        -6031.162    -6040.766        9.604    76.2
2.6750        -6031.174    -6040.808        9.634    76.4
2.6800        -6031.106    -6040.865        9.759    77.4
2.6850        -6031.101    -6040.874        9.774    77.6
2.6900        -6031.085    -6040.825        9.739    77.3
2.6950        -6031.083    -6040.730        9.647    76.5
2.7000        -6030.989    -6040.638        9.648    76.6
2.7050        -6030.941    -6040.577        9.637    76.5
2.7100        -6030.963    -6040.580        9.617    76.3
2.7150        -6031.032    -6040.672        9.639    76.5
2.7200        -6031.021    -6040.808        9.787    77.7
2.7250        -6031.041    -6040.921        9.880    78.4
2.7300        -6031.153    -6040.979        9.825    78.0
2.7350        -6031.145    -6040.962        9.818    77.9
2.7400        -6031.223    -6040.900        9.677    76.8
2.7450        -6031.183    -6040.811        9.627    76.4
2.7500        -6031.063    -6040.775        9.712    77.1
2.7550        -6030.982    -6040.798        9.816    77.9
2.7600        -6030.996    -6040.828        9.832    78.0
2.7650        -6030.975    -6040.827        9.852    78.2
2.7700        -6030.957    -6040.786        9.829    78.0
2.7750        -6030.890    -6040.709        9.819    77.9
2.7800        -6030.840    -6040.631        9.791    77.7
2.7850        -6030.821    -6040.604        9.783    77.6
2.7900        -6030.892    -6040.637        9.745    77.3
2.7950        -6030.958    -6040.715        9.757    77.4
2.8000        -6030.972    -6040.792        9.821    77.9
2.8050        -6030.913    -6040.791        9.878    78.4
2.8100        -6030.963    -6040.675        9.712    77.1
2.8150        -6030.912    -6040.465        9.553    75.8
2.8200        -6030.860    -6040.286        9.427    74.8
2.8250        -6030.858    -6040.266        9.407    74.6
2.8300        -6030.856    -6040.415        9.560    75.9
2.8350        -6030.828    -6040.628        9.800    77.8
2.8400        -6030.814    -6040.707        9.893    78.5
2.8450        -6030.842    -6040.595        9.753    77.4
2.8500        -6030.810    -6040.379        9.569    75.9
2.8550        -6030.816    -6040.260        9.444    74.9
2.8600        -6030.719    -6040.366        9.648    76.6
2.8650        -6030.704    -6040.647        9.943    78.9
2.8700        -6030.716    -6040.923       10.206    81.0
2.8750        -6030.814    -6041.053       10.240    81.3
2.8800        -6030.818    -6040.997       10.179    80.8
2.8850        -6030.806    -6040.791        9.985    79.2
2.8900        -6030.843    -6040.549        9.706    77.0
2.8950        -6030.749    -6040.368        9.620    76.3
2.9000        -6030.760    -6040.326        9.565    75.9
2.9050        -6030.728    -6040.432        9.704    77.0
2.9100        -6030.776    -6040.608        9.832    78.0
2.9150        -6030.862    -6040.737        9.875    78.4
2.9200        -6030.841    -6040.749        9.908    78.6
2.9250        -6030.805    -6040.650        9.845    78.1
2.9300        -6030.816    -6040.482        9.666    76.7
2.9350        -6030.833    -6040.371        9.538    75.7
2.9400        -6030.838    -6040.371        9.534    75.6
2.9450        -6030.745    -6040.444        9.699    77.0
2.9500        -6030.659    -6040.524        9.865    78.3
2.9550        -6030.690    -6040.515        9.825    78.0
2.9600        -6030.676    -6040.418        9.742    77.3
2.9650        -6030.699    -6040.303        9.603    76.2
2.9700        -6030.777    -6040.245        9.468    75.1
2.9750        -6030.802    -6040.297        9.496    75.3
2.9800        -6030.784    -6040.437        9.653    76.6
2.9850        -6030.858    -6040.597        9.739    77.3
2.9900        -6030.843    -6040.690        9.847    78.1
2.9950        -6030.781    -6040.688        9.906    78.6
3.0000        -6030.769    -6040.646        9.877    78.4
3.0050        -6030.733    -6040.602        9.869    78.3
3.0100        -6030.797    -6040.597        9.801    77.8
3.0150        -6030.770    -6040.673        9.903    78.6
3.0200        -6030.835    -6040.794        9.959    79.0
3.0250        -6030.810    -6040.864       10.054    79.8
3.0300        -6030.899    -6040.835        9.936    78.8
3.0350        -6030.893    -6040.729        9.837    78.1
3.0400        -6030.892    -6040.648        9.756    77.4
3.0450        -6030.869    -6040.640        9.771    77.5
3.0500        -6030.830    -6040.691        9.861    78.2
3.0550        -6030.846    -6040.750        9.904    78.6
3.0600        -6030.805    -6040.749        9.943    78.9
3.0650        -6030.835    -6040.675        9.840    78.1
3.0700        -6030.875    -6040.565        9.690    76.9
3.0750        -6030.916    -6040.487        9.571    75.9
3.0800        -6030.932    -6040.504        9.572    76.0
3.0850        -6030.894    -6040.574        9.680    76.8
3.0900        -6030.932    -6040.616        9.685    76.8
3.0950        -6030.912    -6040.582        9.670    76.7
3.1000        -6030.833    -6040.518        9.685    76.8
3.1050        -6030.815    -6040.486        9.672    76.7
3.1100        -6030.856    -6040.492        9.635    76.5
3.1150        -6030.909    -6040.516        9.607    76.2
3.1200        -6030.994    -6040.586        9.593    76.1
3.1250        -6030.973    -6040.685        9.712    77.1
3.1300        -6030.945    -6040.770        9.825    78.0
3.1350        -6031.016    -6040.825        9.809    77.8
3.1400        -6030.940    -6040.872        9.932    78.8
3.1450        -6030.866    -6040.909       10.043    79.7
3.1500        -6030.876    -6040.942       10.065    79.9
3.1550        -6030.808    -6040.948       10.139    80.5
3.1600        -6030.760    -6040.930       10.170    80.7
3.1650        -6030.774    -6040.865       10.092    80.1
3.1700        -6030.727    -6040.770       10.043    79.7
3.1750        -6030.719    -6040.690        9.971    79.1
3.1800        -6030.679    -6040.644        9.964    79.1
3.1850        -6030.679    -6040.653        9.974    79.1
3.1900        -6030.579    -6040.646       10.067    79.9
3.1950        -6030.538    -6040.580       10.042    79.7
3.2000        -6030.558    -6040.457        9.898    78.5
3.2050        -6030.473    -6040.350        9.877    78.4
3.2100        -6030.526    -6040.283        9.757    77.4
3.2150        -6030.579    -6040.242        9.664    76.7
3.2200        -6030.544    -6040.224        9.680    76.8
3.2250        -6030.624    -6040.183        9.559    75.8
3.2300        -6030.551    -6040.173        9.622    76.4
3.2350        -6030.589    -6040.224        9.635    76.5
3.2400        -6030.569    -6040.313        9.745    77.3
3.2450        -6030.537    -6040.395        9.857    78.2
3.2500        -6030.571    -6040.453        9.882    78.4
3.2550        -6030.557    -6040.468        9.912    78.6
3.2600        -6030.645    -6040.443        9.799    77.7
3.2650        -6030.674    -6040.416        9.742    77.3
3.2700        -6030.652    -6040.395        9.742    77.3
3.2750        -6030.673    -6040.403        9.731    77.2
3.2800        -6030.677    -6040.432        9.756    77.4
3.2850        -6030.643    -6040.485        9.842    78.1
3.2900        -6030.663    -6040.537        9.874    78.3
3.2950        -6030.673    -6040.610        9.937    78.8
3.3000        -6030.730    -6040.658        9.928    78.8
3.3050        -6030.689    -6040.696       10.007    79.4
3.3100        -6030.776    -6040.719        9.943    78.9
3.3150        -6030.824    -6040.705        9.881    78.4
3.3200        -6030.818    -6040.675        9.857    78.2
3.3250        -6030.865    -6040.674        9.809    77.8
3.3300        -6030.905    -6040.714        9.809    77.8
3.3350        -6030.924    -6040.785        9.860    78.2
3.3400        -6030.912    -6040.834        9.922    78.7
3.3450        -6030.871    -6040.834        9.963    79.1
3.3500        -6030.790    -6040.762        9.972    79.1
3.3550        -6030.730    -6040.671        9.941    78.9
3.3600        -6030.722    -6040.620        9.898    78.5
3.3650        -6030.706    -6040.652        9.947    78.9
3.3700        -6030.776    -6040.706        9.930    78.8
3.3750        -6030.787    -6040.732        9.945    78.9
3.3800        -6030.833    -6040.732        9.900    78.6
3.3850        -6030.819    -6040.740        9.922    78.7
3.3900        -6030.876    -6040.767        9.890    78.5
3.3950        -6030.872    -6040.824        9.952    79.0
3.4000        -6030.809    -6040.880       10.071    79.9
3.4050        -6030.870    -6040.901       10.031    79.6
3.4100        -6030.841    -6040.834        9.994    79.3
3.4150        -6030.861    -6040.679        9.817    77.9
3.4200        -6030.870    -6040.501        9.631    76.4
3.4250        -6030.897    -6040.367        9.469    75.1
3.4300        -6031.014    -6040.306        9.292    73.7
3.4350        -6030.911    -6040.320        9.409    74.7
3.4400        -6030.977    -6040.382        9.405    74.6
3.4450        -6030.977    -6040.439        9.462    75.1
3.4500        -6030.999    -6040.453        9.454    75.0
3.4550        -6030.979    -6040.434        9.454    75.0
3.4600        -6030.932    -6040.423        9.491    75.3
3.4650        -6030.940    -6040.415        9.475    75.2
3.4700        -6030.914    -6040.430        9.516    75.5
3.4750        -6030.880    -6040.489        9.609    76.2
3.4800        -6030.805    -6040.599        9.794    77.7
3.4850        -6030.732    -6040.725        9.993    79.3
3.4900        -6030.764    -6040.825       10.061    79.8
3.4950        -6030.765    -6040.907       10.142    80.5
3.5000        -6030.795    -6040.921       10.126    80.3
3.5050        -6030.784    -6040.836       10.053    79.8
3.5100        -6030.716    -6040.658        9.942    78.9
3.5150        -6030.680    -6040.471        9.790    77.7
3.5200        -6030.641    -6040.369        9.729    77.2
3.5250        -6030.606    -6040.422        9.816    77.9
3.5300        -6030.673    -6040.572        9.899    78.5
3.5350        -6030.740    -6040.731        9.991    79.3
3.5400        -6030.695    -6040.793       10.098    80.1
3.5450        -6030.667    -6040.731       10.063    79.9
3.5500        -6030.661    -6040.583        9.922    78.7
3.5550        -6030.730    -6040.440        9.710    77.0
3.5600        -6030.699    -6040.395        9.695    76.9
3.5650        -6030.628    -6040.443        9.815    77.9
3.5700        -6030.601    -6040.526        9.925    78.8
3.5750        -6030.621    -6040.610        9.989    79.3
3.5800        -6030.676    -6040.654        9.978    79.2
3.5850        -6030.607    -6040.652       10.044    79.7
3.5900        -6030.588    -6040.656       10.069    79.9
3.5950        -6030.591    -6040.670       10.079    80.0
3.6000        -6030.589    -6040.660       10.070    79.9
3.6050        -6030.656    -6040.574        9.918    78.7
3.6100        -6030.724    -6040.432        9.708    77.0
3.6150        -6030.704    -6040.291        9.587    76.1
3.6200        -6030.631    -6040.210        9.579    76.0
3.6250        -6030.729    -6040.199        9.470    75.1
3.6300        -6030.665    -6040.243        9.578    76.0
3.6350        -6030.713    -6040.314        9.601    76.2
3.6400        -6030.852    -6040.402        9.550    75.8
3.6450        -6030.774    -6040.494        9.720    77.1
3.6500        -6030.775    -6040.540        9.765    77.5
3.6550        -6030.738    -6040.557        9.819    77.9
3.6600        -6030.734    -6040.545        9.811    77.8
3.6650        -6030.775    -6040.514        9.739    77.3
3.6700        -6030.761    -6040.484        9.723    77.1
3.6750        -6030.770    -6040.508        9.738    77.3
3.6800        -6030.829    -6040.592        9.763    77.5
3.6850        -6030.913    -6040.703        9.790    77.7
3.6900        -6030.822    -6040.785        9.964    79.1
3.6950        -6030.872    -6040.804        9.933    78.8
3.7000        -6030.897    -6040.774        9.877    78.4
3.7050        -6030.899    -6040.707        9.808    77.8
3.7100        -6030.851    -6040.628        9.777    77.6
3.7150        -6030.819    -6040.580        9.762    77.5
3.7200        -6030.741    -6040.577        9.835    78.0
3.7250        -6030.779    -6040.596        9.817    77.9
3.7300        -6030.799    -6040.622        9.823    77.9
3.7350        -6030.815    -6040.627        9.811    77.9
3.7400        -6030.818    -6040.654        9.836    78.0
3.7450        -6030.835    -6040.697        9.862    78.3
3.7500        -6030.743    -6040.701        9.957    79.0
3.7550        -6030.783    -6040.677        9.894    78.5
3.7600        -6030.794    -6040.645        9.851    78.2
3.7650        -6030.809    -6040.628        9.818    77.9
3.7700        -6030.821    -6040.630        9.810    77.8
3.7750        -6030.928    -6040.677        9.749    77.4
3.7800        -6031.010    -6040.751        9.742    77.3
3.7850        -6031.026    -6040.807        9.781    77.6
3.7900        -6030.988    -6040.802        9.815    77.9
3.7950        -6030.967    -6040.692        9.724    77.2
3.8000        -6030.982    -6040.525        9.543    75.7
3.8050        -6031.002    -6040.389        9.387    74.5
3.8100        -6031.019    -6040.353        9.335    74.1
3.8150        -6030.954    -6040.402        9.448    75.0
3.8200        -6030.964    -6040.482        9.518    75.5
3.8250        -6030.968    -6040.532        9.564    75.9
3.8300        -6030.939    -6040.544        9.605    76.2
3.8350        -6030.830    -6040.540        9.710    77.0
3.8400        -6030.858    -6040.550        9.691    76.9
3.8450        -6030.818    -6040.579        9.762    77.5
3.8500        -6030.737    -6040.619        9.881    78.4
3.8550        -6030.715    -6040.642        9.927    78.8
3.8600        -6030.745    -6040.667        9.922    78.7
3.8650        -6030.805    -6040.696        9.890    78.5
3.8700        -6030.804    -6040.762        9.957    79.0
3.8750        -6030.832    -6040.872       10.040    79.7
3.8800        -6030.734    -6040.997       10.263    81.4
3.8850        -6030.812    -6041.069       10.257    81.4
3.8900        -6030.864    -6041.031       10.167    80.7
3.8950        -6030.891    -6040.891       10.001    79.4
3.9000        -6030.871    -6040.690        9.819    77.9
3.9050        -6030.726    -6040.515        9.789    77.7
3.9100        -6030.708    -6040.410        9.702    77.0
3.9150        -6030.760    -6040.390        9.631    76.4
3.9200        -6030.697    -6040.452        9.755    77.4
3.9250        -6030.738    -6040.530        9.793    77.7
3.9300        -6030.686    -6040.560        9.874    78.3
3.9350        -6030.742    -6040.513        9.770    77.5
3.9400        -6030.695    -6040.405        9.710    77.0
3.9450        -6030.719    -6040.288        9.569    75.9
3.9500        -6030.673    -6040.209        9.536    75.7
3.9550        -6030.728    -6040.174        9.446    75.0
3.9600        -6030.672    -6040.174        9.502    75.4
3.9650        -6030.669    -6040.193        9.524    75.6
3.9700        -6030.665    -6040.214        9.549    75.8
3.9750        -6030.687    -6040.254        9.567    75.9
3.9800        -6030.757    -6040.339        9.582    76.0
3.9850        -6030.792    -6040.467        9.675    76.8
3.9900        -6030.788    -6040.619        9.831    78.0
3.9950        -6030.778    -6040.754        9.976    79.2
4.0000        -6030.877    -6040.843        9.966    79.1
4.0050        -6030.921    -6040.873        9.953    79.0
4.0100        -6030.915    -6040.821        9.906    78.6
4.0150        -6030.879    -6040.682        9.803    77.8
4.0200        -6030.875    -6040.537        9.662    76.7
4.0250        -6030.883    -6040.484        9.601    76.2
4.0300        -6030.933    -6040.549        9.616    76.3
4.0350        -6030.903    -6040.654        9.751    77.4
4.0400        -6030.919    -6040.722        9.803    77.8
4.0450        -6030.942    -6040.720        9.778    77.6
4.0500        -6030.849    -6040.682        9.833    78.0
4.0550        -6030.854    -6040.658        9.804    77.8
4.0600        -6030.871    -6040.678        9.807    77.8
4.0650        -6030.856    -6040.702        9.845    78.1
4.0700        -6030.902    -6040.663        9.761    77.5
4.0750        -6030.897    -6040.547        9.650    76.6
4.0800        -6031.006    -6040.410        9.405    74.6
4.0850        -6031.102    -6040.349        9.247    73.4
4.0900        -6031.081    -6040.392        9.311    73.9
4.0950        -6031.082    -6040.491        9.410    74.7
4.1000        -6031.086    -6040.572        9.486    75.3
4.1050        -6031.042    -6040.627        9.585    76.1
4.1100        -6031.103    -6040.694        9.590    76.1
4.1150        -6031.176    -6040.796        9.620    76.3
4.1200        -6031.187    -6040.910        9.723    77.2
4.1250        -6031.228    -6040.992        9.764    77.5
4.1300        -6031.174    -6041.037        9.863    78.3
4.1350        -6031.191    -6041.048        9.857    78.2
4.1400        -6031.134    -6041.026        9.892    78.5
4.1450        -6031.099    -6041.018        9.919    78.7
4.1500        -6031.141    -6041.005        9.864    78.3
4.1550        -6031.131    -6040.990        9.859    78.2
4.1600        -6031.183    -6040.952        9.769    77.5
4.1650        -6031.184    -6040.892        9.708    77.0
4.1700        -6031.202    -6040.809        9.607    76.2
4.1750        -6031.293    -6040.725        9.432    74.8
4.1800        -6031.302    -6040.696        9.394    74.5
4.1850        -6031.249    -6040.734        9.485    75.3
4.1900        -6031.216    -6040.800        9.584    76.0
4.1950        -6031.245    -6040.847        9.602    76.2
4.2000        -6031.181    -6040.824        9.643    76.5
4.2050        -6031.231    -6040.728        9.497    75.4
4.2100        -6031.246    -6040.574        9.328    74.0
4.2150        -6031.296    -6040.426        9.131    72.4
4.2200        -6031.335    -6040.356        9.021    71.6
4.2250        -6031.377    -6040.439        9.061    71.9
4.2300        -6031.356    -6040.653        9.297    73.8
4.2350        -6031.394    -6040.917        9.523    75.6
4.2400        -6031.451    -6041.133        9.682    76.8
4.2450        -6031.483    -6041.223        9.740    77.3
4.2500        -6031.451    -6041.201        9.750    77.4
4.2550        -6031.402    -6041.158        9.756    77.4
4.2600        -6031.355    -6041.139        9.784    77.6
4.2650        -6031.390    -6041.141        9.751    77.4
4.2700        -6031.285    -6041.122        9.837    78.1
4.2750        -6031.257    -6041.048        9.791    77.7
4.2800        -6031.281    -6040.940        9.660    76.6
4.2850        -6031.335    -6040.840        9.504    75.4
4.2900        -6031.399    -6040.824        9.425    74.8
4.2950        -6031.448    -6040.916        9.467    75.1
4.3000        -6031.386    -6041.042        9.657    76.6
4.3050        -6031.348    -6041.082        9.734    77.2
4.3100        -6031.286    -6040.991        9.706    77.0
4.3150        -6031.214    -6040.800        9.586    76.1
4.3200        -6031.234    -6040.583        9.349    74.2
4.3250        -6031.260    -6040.423        9.163    72.7
4.3300        -6031.326    -6040.359        9.033    71.7
4.3350        -6031.350    -6040.387        9.037    71.7
4.3400        -6031.250    -6040.435        9.185    72.9
4.3450        -6031.299    -6040.469        9.170    72.8
4.3500        -6031.224    -6040.501        9.277    73.6
4.3550        -6031.186    -6040.619        9.434    74.9
4.3600        -6031.285    -6040.840        9.555    75.8
4.3650        -6031.324    -6041.079        9.755    77.4
4.3700        -6031.394    -6041.227        9.833    78.0
4.3750        -6031.413    -6041.245        9.833    78.0
4.3800        -6031.376    -6041.126        9.750    77.4
4.3850        -6031.343    -6040.955        9.612    76.3
4.3900        -6031.319    -6040.790        9.471    75.2
4.3950        -6031.289    -6040.668        9.379    74.4
4.4000        -6031.264    -6040.639        9.375    74.4
4.4050        -6031.352    -6040.711        9.359    74.3
4.4100        -6031.278    -6040.847        9.569    75.9
4.4150        -6031.316    -6040.969        9.653    76.6
4.4200        -6031.312    -6041.020        9.708    77.0
4.4250        -6031.244    -6040.981        9.737    77.3
4.4300        -6031.300    -6040.934        9.634    76.4
4.4350        -6031.262    -6040.945        9.683    76.8
4.4400        -6031.274    -6041.000        9.726    77.2
4.4450        -6031.245    -6041.068        9.823    77.9
4.4500        -6031.188    -6041.064        9.876    78.4
4.4550        -6031.187    -6040.966        9.780    77.6
4.4600        -6031.177    -6040.795        9.618    76.3
4.4650        -6031.255    -6040.631        9.376    74.4
4.4700        -6031.280    -6040.518        9.238    73.3
4.4750        -6031.283    -6040.489        9.206    73.0
4.4800        -6031.338    -6040.544        9.206    73.0
4.4850        -6031.372    -6040.665        9.293    73.7
4.4900        -6031.343    -6040.786        9.444    74.9
4.4950        -6031.333    -6040.880        9.547    75.8
4.5000        -6031.373    -6040.945        9.572    76.0
4.5050        -6031.408    -6041.026        9.618    76.3
4.5100        -6031.397    -6041.110        9.714    77.1
4.5150        -6031.433    -6041.181        9.747    77.3
4.5200        -6031.354    -6041.183        9.828    78.0
4.5250        -6031.339    -6041.078        9.739    77.3
4.5300        -6031.385    -6040.878        9.493    75.3
4.5350        -6031.432    -6040.674        9.242    73.3
4.5400        -6031.383    -6040.562        9.179    72.8
4.5450        -6031.371    -6040.526        9.155    72.6
4.5500        -6031.316    -6040.553        9.236    73.3
4.5550        -6031.325    -6040.646        9.321    74.0
4.5600        -6031.317    -6040.778        9.461    75.1
4.5650        -6031.350    -6040.871        9.522    75.6
4.5700        -6031.365    -6040.894        9.529    75.6
4.5750        -6031.288    -6040.877        9.589    76.1
4.5800        -6031.210    -6040.864        9.655    76.6
4.5850        -6031.239    -6040.900        9.662    76.7
4.5900        -6031.272    -6040.973        9.701    77.0
4.5950        -6031.297    -6041.051        9.754    77.4
4.6000        -6031.334    -6041.082        9.747    77.3
4.6050        -6031.333    -6041.073        9.740    77.3
4.6100        -6031.330    -6041.028        9.698    77.0
4.6150        -6031.263    -6040.980        9.717    77.1
4.6200        -6031.189    -6040.952        9.763    77.5
4.6250        -6031.251    -6040.926        9.675    76.8
4.6300        -6031.254    -6040.887        9.633    76.4
4.6350        -6031.306    -6040.804        9.498    75.4
4.6400        -6031.357    -6040.731        9.374    74.4
4.6450        -6031.416    -6040.730        9.314    73.9
4.6500        -6031.416    -6040.807        9.391    74.5
4.6550        -6031.438    -6040.922        9.484    75.3
4.6600        -6031.381    -6041.007        9.626    76.4
4.6650        -6031.444    -6041.004        9.560    75.9
4.6700        -6031.366    -6040.909        9.543    75.7
4.6750        -6031.363    -6040.810        9.447    75.0
4.6800        -6031.308    -6040.752        9.443    74.9
4.6850        -6031.322    -6040.753        9.431    74.8
4.6900        -6031.273    -6040.776        9.504    75.4
4.6950        -6031.209    -6040.765        9.556    75.8
4.7000        -6031.292    -6040.659        9.367    74.3
4.7050        -6031.254    -6040.508        9.253    73.4
4.7100        -6031.243    -6040.445        9.202    73.0
4.7150        -6031.319    -6040.500        9.180    72.8
4.7200        -6031.340    -6040.673        9.333    74.1
4.7250        -6031.406    -6040.866        9.460    75.1
4.7300        -6031.381    -6041.002        9.621    76.3
4.7350        -6031.223    -6041.020        9.796    77.7
4.7400        -6031.240    -6040.933        9.693    76.9
4.7450        -6031.199    -6040.845        9.646    76.5
4.7500        -6031.242    -6040.827        9.585    76.1
4.7550        -6031.194    -6040.868        9.673    76.8
4.7600        -6031.213    -6040.889        9.676    76.8
4.7650        -6031.191    -6040.833        9.642    76.5
4.7700        -6031.260    -6040.704        9.444    74.9
4.7750        -6031.256    -6040.569        9.313    73.9
4.7800        -6031.230    -6040.489        9.259    73.5
4.7850        -6031.181    -6040.500        9.319    73.9
4.7900        -6031.210    -6040.608        9.398    74.6
4.7950        -6031.193    -6040.794        9.601    76.2
4.8000        -6031.257    -6040.977        9.720    77.1
4.8050        -6031.252    -6041.067        9.815    77.9
4.8100        -6031.216    -6041.005        9.789    77.7
4.8150        -6031.301    -6040.872        9.572    75.9
4.8200        -6031.273    -6040.771        9.498    75.4
4.8250        -6031.242    -6040.786        9.544    75.7
4.8300        -6031.264    -6040.911        9.647    76.5
4.8350        -6031.292    -6041.055        9.763    77.5
4.8400        -6031.271    -6041.119        9.849    78.1
4.8450        -6031.295    -6041.072        9.777    77.6
4.8500        -6031.342    -6040.951        9.609    76.2
4.8550        -6031.192    -6040.824        9.632    76.4
4.8600        -6031.034    -6040.714        9.680    76.8
4.8650        -6030.997    -6040.634        9.637    76.5
4.8700        -6030.986    -6040.565        9.579    76.0
4.8750        -6031.045    -6040.530        9.485    75.3
4.8800        -6031.045    -6040.523        9.478    75.2
4.8850        -6031.029    -6040.539        9.510    75.5
4.8900        -6031.062    -6040.572        9.510    75.5
4.8950        -6031.044    -6040.592        9.548    75.8
4.9000        -6031.000    -6040.604        9.603    76.2
4.9050        -6030.995    -6040.624        9.629    76.4
4.9100        -6031.096    -6040.651        9.555    75.8
4.9150        -6031.051    -6040.659        9.608    76.2
4.9200        -6031.007    -6040.668        9.661    76.7
4.9250        -6031.149    -6040.691        9.541    75.7
4.9300        -6031.247    -6040.754        9.507    75.4
4.9350        -6031.254    -6040.879        9.626    76.4
4.9400        -6031.200    -6041.024        9.824    77.9
4.9450        -6031.264    -6041.128        9.864    78.3
4.9500        -6031.181    -6041.160        9.979    79.2
4.9550        -6031.221    -6041.105        9.884    78.4
4.9600        -6031.210    -6040.972        9.763    77.5
4.9650        -6031.188    -6040.854        9.666    76.7
4.9700        -6031.232    -6040.791        9.558    75.8
4.9750        -6031.233    -6040.799        9.566    75.9
4.9800        -6031.216    -6040.852        9.636    76.5
4.9850        -6031.212    -6040.887        9.674    76.8
4.9900        -6031.237    -6040.873        9.636    76.5
4.9950        -6031.350    -6040.821        9.471    75.2
5.0000        -6031.285    -6040.779        9.494    75.3
Time[ps]      Etot[eV]     Epot[eV]     Ekin[eV]    T[K]
0.0000        -6045.689    -6045.689        0.000     0.0
